Vercel CLI 62.1.0
Deploying myfactory-cloud-staging
Uploading [--------------------] (0.0B/67.4KB)
Uploading [=====---------------] (16.9KB/67.4KB)
Uploading [==============------] (48.9KB/67.4KB)
Uploading [=================---] (60.6KB/67.4KB)
Uploading [====================] (67.4KB/67.4KB)
  Inspect         https://vercel.com/jaydubya818/myfactory-cloud-staging/4kuDcmpY6VBTCeMXueeWt1Siw4Ue
  Preview         https://myfactory-cloud-staging-g8lmxy9ms-jaydubya818.vercel.app
Building…
Building…
Running build in Washington, D.C., USA (East) – iad1
Build machine configuration: 4 cores, 8 GB
Retrieving list of deployment files...
Downloading 547 deployment files...
Restored build cache from previous deployment (D3yoXgdu2Nr13RmzCwFYTu4dYzYX)
Running "vercel build"
Vercel CLI 62.1.0
Running "install" command: `npm ci --ignore-scripts --no-audit --no-fund`...
added 73 packages in 2s
{"version":1,"sourceDigest":"c1e8a3156b6c8b1933bd929efc03ff7c6981b444753b8360e5561ea3f47d899f"}
Installing dependencies...
up to date in 422ms
10 packages are looking for funding
run `npm fund` for details
Using TypeScript 6.0.3 (local user-provided)
../../packages/hosted-routing/src/result.ts(1,34): error TS5097: An import path can only end with a '.ts' extension when 'allowImportingTsExtensions' is enabled.
../../packages/hosted-routing/src/result.ts(2,44): error TS2591: Cannot find name 'node:crypto'. Do you need to install type definitions for node? Try `npm i --save-dev @types/node` and then add 'node' to the types field in your tsconfig.
../../packages/hosted-routing/src/result.ts(172,33): error TS2591: Cannot find name 'Buffer'. Do you need to install type definitions for node? Try `npm i --save-dev @types/node` and then add 'node' to the types field in your tsconfig.
../../packages/hosted-routing/src/result.ts(176,21): error TS2591: Cannot find name 'Buffer'. Do you need to install type definitions for node? Try `npm i --save-dev @types/node` and then add 'node' to the types field in your tsconfig.
../../packages/hosted-routing/src/result.ts(185,40): error TS2591: Cannot find name 'Buffer'. Do you need to install type definitions for node? Try `npm i --save-dev @types/node` and then add 'node' to the types field in your tsconfig.
../../packages/hosted-routing/src/result.ts(193,19): error TS2591: Cannot find name 'Buffer'. Do you need to install type definitions for node? Try `npm i --save-dev @types/node` and then add 'node' to the types field in your tsconfig.
../../packages/hosted-routing/src/result.ts(195,16): error TS2591: Cannot find name 'Buffer'. Do you need to install type definitions for node? Try `npm i --save-dev @types/node` and then add 'node' to the types field in your tsconfig.
../../packages/hosted-routing/src/result.ts(201,16): error TS2591: Cannot find name 'Buffer'. Do you need to install type definitions for node? Try `npm i --save-dev @types/node` and then add 'node' to the types field in your tsconfig.
../../packages/hosted-routing/src/result.ts(204,15): error TS2591: Cannot find name 'Buffer'. Do you need to install type definitions for node? Try `npm i --save-dev @types/node` and then add 'node' to the types field in your tsconfig.
../../packages/hosted-routing/src/result.ts(205,47): error TS2591: Cannot find name 'Buffer'. Do you need to install type definitions for node? Try `npm i --save-dev @types/node` and then add 'node' to the types field in your tsconfig.
../../packages/hosted-routing/src/result.ts(222,24): error TS2591: Cannot find name 'Buffer'. Do you need to install type definitions for node? Try `npm i --save-dev @types/node` and then add 'node' to the types field in your tsconfig.
../../packages/hosted-routing/src/result.ts(223,24): error TS2591: Cannot find name 'Buffer'. Do you need to install type definitions for node? Try `npm i --save-dev @types/node` and then add 'node' to the types field in your tsconfig.
../../packages/contracts/src/cloud-execution.ts(1,23): error TS2591: Cannot find name 'node:path'. Do you need to install type definitions for node? Try `npm i --save-dev @types/node` and then add 'node' to the types field in your tsconfig.
../../packages/contracts/src/cloud-execution.ts(33,171): error TS2591: Cannot find name 'Buffer'. Do you need to install type definitions for node? Try `npm i --save-dev @types/node` and then add 'node' to the types field in your tsconfig.
../../packages/storage/src/spend-policy.ts(1,34): error TS5097: An import path can only end with a '.ts' extension when 'allowImportingTsExtensions' is enabled.
Using TypeScript 6.0.3 (local user-provided)
Using TypeScript 6.0.3 (local user-provided)
Build Completed in /vercel/output [19s]
Deploying outputs...
[2K[1A[2K[G  Preview         https://myfactory-cloud-staging-g8lmxy9ms-jaydubya818.vercel.app
Completing…
{
  "status": "ok",
  "deployment": {
    "id": "dpl_4kuDcmpY6VBTCeMXueeWt1Siw4Ue",
    "url": "https://myfactory-cloud-staging-g8lmxy9ms-jaydubya818.vercel.app",
    "productionUrl": null,
    "inspectorUrl": "https://vercel.com/jaydubya818/myfactory-cloud-staging/4kuDcmpY6VBTCeMXueeWt1Siw4Ue",
    "readyState": "READY",
    "target": null,
    "deploymentApiUrl": "https://api.vercel.com/v13/deployments/dpl_4kuDcmpY6VBTCeMXueeWt1Siw4Ue",
    "buildMachine": {
      "cores": 4,
      "memory": 8192,
      "machine": "standard",
      "selectionType": "fixed",
      "selectionSource": "plan-default"
    },
    "deploymentProtection": [
      "vercel_authentication"
    ]
  },
  "message": "Deployment myfactory-cloud-staging-g8lmxy9ms-jaydubya818.vercel.app ready.",
  "next": [
    {
      "command": "vercel git connect --scope team_p8z8exJRTGfOPk1GC9vUOpv3",
      "when": "Automatically deploy changes on every push"
    },
    {
      "command": "vercel curl https://myfactory-cloud-staging-g8lmxy9ms-jaydubya818.vercel.app",
      "when": "Verify deployment, including when Deployment Protection is enabled"
    },
    {
      "command": "vercel inspect myfactory-cloud-staging-g8lmxy9ms-jaydubya818.vercel.app --scope team_p8z8exJRTGfOPk1GC9vUOpv3",
      "when": "Inspect deployment"
    },
    {
      "command": "vercel deploy --prod --scope team_p8z8exJRTGfOPk1GC9vUOpv3",
      "when": "Promote to production"
    }
  ]
}
