Vercel CLI 62.1.0
Deploying myfactory-cloud-staging
Uploading [--------------------] (0.0B/7.9KB)
Uploading [====================] (7.9KB/7.9KB)
  Inspect         https://vercel.com/jaydubya818/myfactory-cloud-staging/9szapvmA64pfeD44hw2RbLksaj3s
  Preview         https://myfactory-cloud-staging-c19fookov-jaydubya818.vercel.app
Building…
Building…
Running build in Washington, D.C., USA (East) – iad1
Build machine configuration: 4 cores, 8 GB
Retrieving list of deployment files...
Downloading 549 deployment files...
Restored build cache from previous deployment (4kuDcmpY6VBTCeMXueeWt1Siw4Ue)
Running "vercel build"
Vercel CLI 62.1.0
Running "install" command: `npm ci --ignore-scripts --no-audit --no-fund`...
added 73 packages in 3s
{"version":1,"sourceDigest":"5cc29ab1772af6b64c78f1831c6bf651be1e1822e0804938265d4fc8aa348c52"}
Installing dependencies...
up to date in 338ms
10 packages are looking for funding
run `npm fund` for details
Using TypeScript 6.0.3 (local user-provided)
Using TypeScript 6.0.3 (local user-provided)
Using TypeScript 6.0.3 (local user-provided)
Build Completed in /vercel/output [19s]
Deploying outputs...
[2K[1A[2K[G  Preview         https://myfactory-cloud-staging-c19fookov-jaydubya818.vercel.app
Completing…
{
  "status": "ok",
  "deployment": {
    "id": "dpl_9szapvmA64pfeD44hw2RbLksaj3s",
    "url": "https://myfactory-cloud-staging-c19fookov-jaydubya818.vercel.app",
    "productionUrl": null,
    "inspectorUrl": "https://vercel.com/jaydubya818/myfactory-cloud-staging/9szapvmA64pfeD44hw2RbLksaj3s",
    "readyState": "READY",
    "target": null,
    "deploymentApiUrl": "https://api.vercel.com/v13/deployments/dpl_9szapvmA64pfeD44hw2RbLksaj3s",
    "buildMachine": {
      "cores": 4,
      "memory": 8192,
      "machine": "standard",
      "selectionType": "fixed",
      "selectionSource": "plan-default"
    },
    "deploymentProtection": [
      "vercel_authentication"
    ]
  },
  "message": "Deployment myfactory-cloud-staging-c19fookov-jaydubya818.vercel.app ready.",
  "next": [
    {
      "command": "vercel git connect --scope team_p8z8exJRTGfOPk1GC9vUOpv3",
      "when": "Automatically deploy changes on every push"
    },
    {
      "command": "vercel curl https://myfactory-cloud-staging-c19fookov-jaydubya818.vercel.app",
      "when": "Verify deployment, including when Deployment Protection is enabled"
    },
    {
      "command": "vercel inspect myfactory-cloud-staging-c19fookov-jaydubya818.vercel.app --scope team_p8z8exJRTGfOPk1GC9vUOpv3",
      "when": "Inspect deployment"
    },
    {
      "command": "vercel deploy --prod --scope team_p8z8exJRTGfOPk1GC9vUOpv3",
      "when": "Promote to production"
    }
  ]
}
