✖ trims and lowercases a project name (0.973541ms)
✖ collapses whitespace and preserves existing hyphens (0.077958ms)
✖ rejects punctuation and non-string values (0.092541ms)
ℹ tests 3
ℹ suites 0
ℹ pass 0
ℹ fail 3
ℹ cancelled 0
ℹ skipped 0
ℹ todo 0
ℹ duration_ms 61.870125

✖ failing tests:

test at fixtures/cloud-work/project-slug/slug.test.mjs:5:1
✖ trims and lowercases a project name (0.973541ms)
  AssertionError [ERR_ASSERTION]: Expected values to be strictly equal:
  + actual - expected
  
  + '  New Project  '
  - 'new-project'
  
      at TestContext.<anonymous> (file:///private/tmp/myfactory-cloud-execution-20261002/fixtures/cloud-work/project-slug/slug.test.mjs:5:55)
      at Test.runInAsyncScope (node:async_hooks:227:14)
      at Test.run (node:internal/test_runner/test:1325:25)
      at Test.start (node:internal/test_runner/test:1191:17)
      at startSubtestAfterBootstrap (node:internal/test_runner/harness:385:17) {
    generatedMessage: true,
    code: 'ERR_ASSERTION',
    actual: '  New Project  ',
    expected: 'new-project',
    operator: 'strictEqual',
    diff: 'simple'
  }

test at fixtures/cloud-work/project-slug/slug.test.mjs:6:1
✖ collapses whitespace and preserves existing hyphens (0.077958ms)
  AssertionError [ERR_ASSERTION]: Expected values to be strictly equal:
  + actual - expected
  
  + 'My  New-Project'
  - 'my-new-project'
  
      at TestContext.<anonymous> (file:///private/tmp/myfactory-cloud-execution-20261002/fixtures/cloud-work/project-slug/slug.test.mjs:6:71)
      at Test.runInAsyncScope (node:async_hooks:227:14)
      at Test.run (node:internal/test_runner/test:1325:25)
      at Test.processPendingSubtests (node:internal/test_runner/test:911:18)
      at Test.postRun (node:internal/test_runner/test:1465:19)
      at Test.run (node:internal/test_runner/test:1390:12)
      at async startSubtestAfterBootstrap (node:internal/test_runner/harness:385:3) {
    generatedMessage: true,
    code: 'ERR_ASSERTION',
    actual: 'My  New-Project',
    expected: 'my-new-project',
    operator: 'strictEqual',
    diff: 'simple'
  }

test at fixtures/cloud-work/project-slug/slug.test.mjs:7:1
✖ rejects punctuation and non-string values (0.092541ms)
  AssertionError [ERR_ASSERTION]: Missing expected exception.
      at TestContext.<anonymous> (file:///private/tmp/myfactory-cloud-execution-20261002/fixtures/cloud-work/project-slug/slug.test.mjs:8:72)
      at Test.runInAsyncScope (node:async_hooks:227:14)
      at Test.run (node:internal/test_runner/test:1325:25)
      at Test.processPendingSubtests (node:internal/test_runner/test:911:18)
      at Test.postRun (node:internal/test_runner/test:1465:19)
      at Test.run (node:internal/test_runner/test:1390:12)
      at async Test.processPendingSubtests (node:internal/test_runner/test:911:7) {
    generatedMessage: false,
    code: 'ERR_ASSERTION',
    actual: undefined,
    expected: /Invalid project name/,
    operator: 'throws',
    diff: 'simple'
  }
