
> sellerfi-phase-0-defect@1.0.0 test
> node --test

TAP version 13
# Subtest: formats a positive annual revenue in USD
ok 1 - formats a positive annual revenue in USD
  ---
  duration_ms: 9.150292
  type: 'test'
  ...
# Subtest: shows a reported zero instead of treating it as missing
not ok 2 - shows a reported zero instead of treating it as missing
  ---
  duration_ms: 0.492041
  type: 'test'
  location: '/src/test/formatAnnualRevenue.test.js:9:1'
  failureType: 'testCodeFailure'
  error: |-
    Expected values to be strictly equal:
    + actual - expected
    
    + 'Not provided'
    - '$0'
    
  code: 'ERR_ASSERTION'
  name: 'AssertionError'
  expected: '$0'
  actual: 'Not provided'
  operator: 'strictEqual'
  stack: |-
    TestContext.<anonymous> (/src/test/formatAnnualRevenue.test.js:10:10)
    Test.runInAsyncScope (node:async_hooks:214:14)
    Test.run (node:internal/test_runner/test:1047:25)
    Test.processPendingSubtests (node:internal/test_runner/test:744:18)
    Test.postRun (node:internal/test_runner/test:1173:19)
    Test.run (node:internal/test_runner/test:1101:12)
    async startSubtestAfterBootstrap (node:internal/test_runner/harness:296:3)
  ...
# Subtest: shows an explicit missing value for absent revenue
ok 3 - shows an explicit missing value for absent revenue
  ---
  duration_ms: 0.063666
  type: 'test'
  ...
1..3
# tests 3
# suites 0
# pass 2
# fail 1
# cancelled 0
# skipped 0
# todo 0
# duration_ms 46.776541
